src/components/Calculator/NutritionHub.tsx(3,132): error TS6133: 'AlertTriangle' is declared but its value is never read.
src/components/Workout/WeeklyCalendar.tsx(2,37): error TS6133: 'Edit2' is declared but its value is never read.
src/core/analyzers/BodyAnalyzer.ts(49,17): error TS2353: Object literal may only specify known properties, and 'trunkFat' does not exist in type '{ leftArmMuscle?: number | undefined; rightArmMuscle?: number | undefined; trunkMuscle?: number | undefined; leftLegMuscle?: number | undefined; rightLegMuscle?: number | undefined; leftArmFat?: number | undefined; rightArmFat?: number | undefined; leftLegFat?: number | undefined; rightLegFat?: number | undefined; }'.
